I am the parent
my count is
4
I am the child
my count is
5
