Gavin's car carries 1 passengers
Andrew's car carries 4 passengers
