ceylon.language.Float {
  double value = 26.142
}
