TestClass {
  ceylon.language.Integer x = ceylon.language.Integer {
    long value = 17
  }
  ceylon.language.String y = ceylon.language.String {
    java.lang.String value = "xyz?"
  }
}
TestClass {
  ceylon.language.Integer x = ceylon.language.Integer {
    long value = 23
  }
  ceylon.language.String y = ceylon.language.String {
    java.lang.String value = "hello!"
  }
}
TestClass {
  ceylon.language.Integer x = ceylon.language.Integer {
    long value = 99
  }
  ceylon.language.String y = ceylon.language.String {
    java.lang.String value = "!"
  }
}
