
public class test extends .ceylon.language.Object {
    
    public static void run() {
        final Integer i = .ceylon.language.Natural.instance(1L);
    }
}

public class test extends .ceylon.language.Object {
    
    public test() {
        super();
    }
    
    public static void run() {
        final Integer i = .ceylon.language.Natural.instance(1L).integer();
    }
}
