
class Test extends .ceylon.language.Object {
    
    @.ceylon.language.Extension()
    public Natural natural() {
        return .ceylon.language.Natural.instance(1L);
    }
    
    public void test() {
        final Float f = .ceylon.language.Float.instance(3.142).plus(new Test());
    }
    
    Test() {
    }
}

class Test extends .ceylon.language.Object {
    
    @.ceylon.language.Extension()
    public Natural natural() {
        return .ceylon.language.Natural.instance(1L);
    }
    
    public void test() {
        final Float f = .ceylon.language.Float.instance(3.142).plus(new Test().natural().floatXXX());
    }
    
    Test() {
        super();
    }
}
