# Annotations.ceylon

(TYPE_DECL
  (TYPE_DECL
    (CLASS_DECL
      (TYPE_NAME Annotations)
      (STMT_LIST
        (TYPE_DECL
          (CLASS_DECL
            (TYPE_NAME NoArguments)
            (STMT_LIST
              (MEMBER_DECL
                (MEMBER_TYPE void)
                (MEMBER_NAME methodAnnotations)
                (FORMAL_PARAMETER_LIST
                  (FORMAL_PARAMETER
                    (ANNOTATION_LIST
                      (ANNOTATION
                        (ANNOTATION_NAME deprecated)))
                    (TYPE
                      (TYPE_NAME Natural))
                    (ARG_NAME param)
                    (INIT_EXPR
                      (EXPR
                        (INT_CST 0))))) STMT_LIST
                (ANNOTATION_LIST
                  (ANNOTATION PUBLIC)
                  (ANNOTATION
                    (ANNOTATION_NAME deprecated))
                  (ANNOTATION default)))
              (MEMBER_DECL
                (MEMBER_TYPE
                  (TYPE
                    (TYPE_NAME Natural)))
                (MEMBER_NAME attributeAnnotations)
                (INIT_EXPR
                  (EXPR
                    (INT_CST 1)))
                (ANNOTATION_LIST
                  (ANNOTATION PUBLIC)
                  (ANNOTATION
                    (ANNOTATION_NAME deprecated))
                  (ANNOTATION default)))
              (TYPE_DECL
                (CLASS_DECL
                  (TYPE_NAME ClassAnnotations) STMT_LIST)
                (ANNOTATION_LIST
                  (ANNOTATION package)
                  (ANNOTATION
                    (ANNOTATION_NAME deprecated))
                  (ANNOTATION abstract)))
              (TYPE_DECL
                (INTERFACE_DECL
                  (TYPE_NAME InterfaceAnnotations))
                (ANNOTATION_LIST
                  (ANNOTATION module))))))
        (TYPE_DECL
          (CLASS_DECL
            (TYPE_NAME LiteralArguments)
            (STMT_LIST
              (MEMBER_DECL
                (MEMBER_TYPE void)
                (MEMBER_NAME methodAnnotations)
                (FORMAL_PARAMETER_LIST
                  (FORMAL_PARAMETER
                    (ANNOTATION_LIST
                      (ANNOTATION
                        (ANNOTATION_NAME deprecated))
                      (ANNOTATION
                        (ANNOTATION_NAME doc)
                        (STRING_CST "use something else"))
                      (ANNOTATION
                        (ANNOTATION_NAME see)))
                    (TYPE
                      (TYPE_NAME Natural))
                    (ARG_NAME param)
                    (INIT_EXPR
                      (EXPR
                        (INT_CST 0))))) STMT_LIST
                (ANNOTATION_LIST
                  (ANNOTATION
                    (ANNOTATION_NAME doc)
                    (STRING_CST "The method doc"))
                  (ANNOTATION
                    (ANNOTATION_NAME by)
                    (STRING_CST "Andrew Haley"))
                  (ANNOTATION
                    (ANNOTATION_NAME version))
                  (ANNOTATION
                    (ANNOTATION_NAME timeout))
                  (ANNOTATION
                    (ANNOTATION_NAME see))
                  (ANNOTATION
                    (ANNOTATION_NAME throws)
                    (STRING_CST "if database access fails"))))
              (MEMBER_DECL
                (MEMBER_TYPE
                  (TYPE
                    (TYPE_NAME Natural)))
                (MEMBER_NAME attributeAnnotations)
                (INIT_EXPR
                  (EXPR
                    (INT_CST 1)))
                (ANNOTATION_LIST
                  (ANNOTATION
                    (ANNOTATION_NAME doc)
                    (STRING_CST "The attribute doc"))
                  (ANNOTATION
                    (ANNOTATION_NAME by)
                    (STRING_CST "Andrew Haley"))
                  (ANNOTATION
                    (ANNOTATION_NAME see))
                  (ANNOTATION
                    (ANNOTATION_NAME version))))
              (TYPE_DECL
                (CLASS_DECL
                  (TYPE_NAME ClassAnnotations) STMT_LIST)
                (ANNOTATION_LIST
                  (ANNOTATION
                    (ANNOTATION_NAME see))
                  (ANNOTATION
                    (ANNOTATION_NAME doc)
                    (STRING_CST "The class doc"))
                  (ANNOTATION
                    (ANNOTATION_NAME throws)
                    (STRING_CST "if database access fails"))
                  (ANNOTATION
                    (ANNOTATION_NAME version))
                  (ANNOTATION
                    (ANNOTATION_NAME by)
                    (STRING_CST "Andrew Haley"))))
              (TYPE_DECL
                (INTERFACE_DECL
                  (TYPE_NAME InterfaceAnnotations))
                (ANNOTATION_LIST
                  (ANNOTATION
                    (ANNOTATION_NAME doc)
                    (STRING_CST "The interface doc"))
                  (ANNOTATION
                    (ANNOTATION_NAME version))
                  (ANNOTATION
                    (ANNOTATION_NAME see))
                  (ANNOTATION
                    (ANNOTATION_NAME by)
                    (STRING_CST "Andrew Haley")))))))
        (TYPE_DECL
          (CLASS_DECL
            (TYPE_NAME NamedArguments)
            (STMT_LIST
              (MEMBER_DECL
                (MEMBER_TYPE void)
                (MEMBER_NAME methodAnnotations)
                (FORMAL_PARAMETER_LIST
                  (FORMAL_PARAMETER
                    (ANNOTATION_LIST
                      (ANNOTATION
                        (ANNOTATION_NAME deprecated))
                      (ANNOTATION
                        (ANNOTATION_NAME doc)
                        (ARG_LIST
                          (NAMED_ARG
                            (ARG_NAME text)
                            (INIT_EXPR
                              (EXPR
                                (STRING_CST "use something else"))))))
                      (ANNOTATION
                        (ANNOTATION_NAME see)
                        (ARG_LIST
                          (VARARGS
                            (EXPR_LIST
                              (EXPR
                                (REFLECTED_LITERAL
                                  (MEMBER_NAME otherMethod))))))))
                    (TYPE
                      (TYPE_NAME Natural))
                    (ARG_NAME param)
                    (INIT_EXPR
                      (EXPR
                        (INT_CST 0))))) STMT_LIST
                (ANNOTATION_LIST
                  (ANNOTATION
                    (ANNOTATION_NAME doc)
                    (ARG_LIST
                      (NAMED_ARG
                        (ARG_NAME text)
                        (INIT_EXPR
                          (EXPR
                            (STRING_CST "some text about the method"))))))
                  (ANNOTATION
                    (ANNOTATION_NAME lock)
                    (ARG_LIST
                      (NAMED_ARG
                        (ARG_NAME timeout)
                        (INIT_EXPR
                          (EXPR
                            (INT_CST 1000))))))
                  (ANNOTATION
                    (ANNOTATION_NAME throws)
                    (ARG_LIST
                      (NAMED_ARG
                        (ARG_NAME type)
                        (INIT_EXPR
                          (EXPR
                            (REFLECTED_LITERAL
                              (TYPE
                                (TYPE_NAME DatabaseException))))))
                      (NAMED_ARG
                        (ARG_NAME description)
                        (INIT_EXPR
                          (EXPR
                            (STRING_CST "if database access fails"))))))
                  (ANNOTATION
                    (ANNOTATION_NAME by)
                    (ARG_LIST
                      (VARARGS
                        (EXPR_LIST
                          (EXPR
                            (STRING_CST "Gavin King"))
                          (EXPR
                            (STRING_CST "Andrew Haley"))))))
                  (ANNOTATION
                    (ANNOTATION_NAME see)
                    (ARG_LIST
                      (VARARGS
                        (EXPR_LIST
                          (EXPR
                            (REFLECTED_LITERAL
                              (TYPE
                                (TYPE_NAME ClassAnnotations))))
                          (EXPR
                            (REFLECTED_LITERAL
                              (MEMBER_NAME methodAnnotations)))
                          (EXPR
                            (REFLECTED_LITERAL
                              (TYPE
                                (TYPE_NAME Object))
                              (MEMBER_NAME equals)))))))))
              (MEMBER_DECL
                (MEMBER_TYPE
                  (TYPE
                    (TYPE_NAME Natural)))
                (MEMBER_NAME attributeAnnotations)
                (INIT_EXPR
                  (EXPR
                    (INT_CST 1)))
                (ANNOTATION_LIST
                  (ANNOTATION
                    (ANNOTATION_NAME see)
                    (ARG_LIST
                      (VARARGS
                        (EXPR_LIST
                          (EXPR
                            (REFLECTED_LITERAL
                              (TYPE
                                (TYPE_NAME ClassAnnotations))))
                          (EXPR
                            (REFLECTED_LITERAL
                              (MEMBER_NAME methodAnnotations)))
                          (EXPR
                            (REFLECTED_LITERAL
                              (TYPE
                                (TYPE_NAME Object))
                              (MEMBER_NAME equals)))))))
                  (ANNOTATION
                    (ANNOTATION_NAME doc)
                    (ARG_LIST
                      (NAMED_ARG
                        (ARG_NAME text)
                        (INIT_EXPR
                          (EXPR
                            (STRING_CST "some text about the attribute"))))))
                  (ANNOTATION
                    (ANNOTATION_NAME by)
                    (ARG_LIST
                      (VARARGS
                        (EXPR_LIST
                          (EXPR
                            (STRING_CST "Gavin King"))))))
                  (ANNOTATION
                    (ANNOTATION_NAME column)
                    (ARG_LIST
                      (NAMED_ARG
                        (ARG_NAME name)
                        (INIT_EXPR
                          (EXPR
                            (STRING_CST "columnName"))))
                      (NAMED_ARG
                        (ARG_NAME comment)
                        (INIT_EXPR
                          (EXPR
                            (STRING_CST "some comment"))))))))
              (TYPE_DECL
                (CLASS_DECL
                  (TYPE_NAME ClassAnnotations) STMT_LIST)
                (ANNOTATION_LIST
                  (ANNOTATION
                    (ANNOTATION_NAME by)
                    (ARG_LIST
                      (VARARGS
                        (EXPR_LIST
                          (EXPR
                            (STRING_CST "Gavin King"))
                          (EXPR
                            (STRING_CST "Andrew Haley"))))))
                  (ANNOTATION
                    (ANNOTATION_NAME doc)
                    (ARG_LIST
                      (NAMED_ARG
                        (ARG_NAME text)
                        (INIT_EXPR
                          (EXPR
                            (STRING_CST "some text about the class"))))))
                  (ANNOTATION
                    (ANNOTATION_NAME throws)
                    (ARG_LIST
                      (NAMED_ARG
                        (ARG_NAME type)
                        (INIT_EXPR
                          (EXPR
                            (REFLECTED_LITERAL
                              (TYPE
                                (TYPE_NAME DatabaseException))))))
                      (NAMED_ARG
                        (ARG_NAME description)
                        (INIT_EXPR
                          (EXPR
                            (STRING_CST "if database access fails"))))))
                  (ANNOTATION
                    (ANNOTATION_NAME table)
                    (ARG_LIST
                      (NAMED_ARG
                        (ARG_NAME name)
                        (INIT_EXPR
                          (EXPR
                            (STRING_CST "tableName"))))
                      (NAMED_ARG
                        (ARG_NAME schema)
                        (INIT_EXPR
                          (EXPR
                            (STRING_CST "schemaName"))))))
                  (ANNOTATION
                    (ANNOTATION_NAME see)
                    (ARG_LIST
                      (VARARGS
                        (EXPR_LIST
                          (EXPR
                            (REFLECTED_LITERAL
                              (TYPE
                                (TYPE_NAME ClassAnnotations))))
                          (EXPR
                            (REFLECTED_LITERAL
                              (MEMBER_NAME methodAnnotations)))
                          (EXPR
                            (REFLECTED_LITERAL
                              (TYPE
                                (TYPE_NAME Object))
                              (MEMBER_NAME equals)))))))
                  (ANNOTATION
                    (ANNOTATION_NAME scope)
                    (ARG_LIST
                      (NAMED_ARG
                        (ARG_NAME scopeType)
                        (INIT_EXPR
                          (EXPR
                            (MEMBER_NAME session))))))))
              (TYPE_DECL
                (INTERFACE_DECL
                  (TYPE_NAME InterfaceAnnotations))
                (ANNOTATION_LIST
                  (ANNOTATION
                    (ANNOTATION_NAME doc)
                    (ARG_LIST
                      (NAMED_ARG
                        (ARG_NAME text)
                        (INIT_EXPR
                          (EXPR
                            (STRING_CST "some text about the interface"))))))
                  (ANNOTATION
                    (ANNOTATION_NAME see)
                    (ARG_LIST
                      (VARARGS
                        (EXPR_LIST
                          (EXPR
                            (REFLECTED_LITERAL
                              (TYPE
                                (TYPE_NAME ClassAnnotations))))
                          (EXPR
                            (REFLECTED_LITERAL
                              (MEMBER_NAME methodAnnotations)))
                          (EXPR
                            (REFLECTED_LITERAL
                              (TYPE
                                (TYPE_NAME Object))
                              (MEMBER_NAME equals)))))))
                  (ANNOTATION
                    (ANNOTATION_NAME by)
                    (ARG_LIST
                      (VARARGS
                        (EXPR_LIST
                          (EXPR
                            (STRING_CST "Andrew Haley")))))))))))
        (TYPE_DECL
          (CLASS_DECL
            (TYPE_NAME PositionalArguments)
            (STMT_LIST
              (MEMBER_DECL
                (MEMBER_TYPE void)
                (MEMBER_NAME methodAnnotations)
                (FORMAL_PARAMETER_LIST
                  (FORMAL_PARAMETER
                    (ANNOTATION_LIST
                      (ANNOTATION
                        (ANNOTATION_NAME deprecated))
                      (ANNOTATION
                        (ANNOTATION_NAME doc)
                        (ARG_LIST
                          (EXPR
                            (STRING_CST "use something else"))))
                      (ANNOTATION
                        (ANNOTATION_NAME see)
                        (ARG_LIST
                          (EXPR
                            (REFLECTED_LITERAL
                              (MEMBER_NAME otherMethod))))))
                    (TYPE
                      (TYPE_NAME Natural))
                    (ARG_NAME param)
                    (INIT_EXPR
                      (EXPR
                        (INT_CST 0))))) STMT_LIST
                (ANNOTATION_LIST
                  (ANNOTATION
                    (ANNOTATION_NAME throws)
                    (ARG_LIST
                      (EXPR
                        (REFLECTED_LITERAL
                          (TYPE
                            (TYPE_NAME DatabaseException))))
                      (EXPR
                        (STRING_CST "if database access fails"))))
                  (ANNOTATION
                    (ANNOTATION_NAME doc)
                    (ARG_LIST
                      (EXPR
                        (STRING_CST "some text about the method"))))
                  (ANNOTATION
                    (ANNOTATION_NAME lock)
                    (ARG_LIST
                      (EXPR
                        (INT_CST 1000))))
                  (ANNOTATION
                    (ANNOTATION_NAME version)
                    (ARG_LIST
                      (EXPR
                        (QUOTE_CST '2.1.0'))))
                  (ANNOTATION
                    (ANNOTATION_NAME by)
                    (ARG_LIST
                      (EXPR
                        (STRING_CST "Gavin King"))
                      (EXPR
                        (STRING_CST "Andrew Haley"))))
                  (ANNOTATION
                    (ANNOTATION_NAME see)
                    (ARG_LIST
                      (EXPR
                        (REFLECTED_LITERAL
                          (TYPE
                            (TYPE_NAME ClassAnnotations))))
                      (EXPR
                        (REFLECTED_LITERAL
                          (MEMBER_NAME methodAnnotations)))
                      (EXPR
                        (REFLECTED_LITERAL
                          (TYPE
                            (TYPE_NAME Object))
                          (MEMBER_NAME equals)))))))
              (MEMBER_DECL
                (MEMBER_TYPE
                  (TYPE
                    (TYPE_NAME Natural)))
                (MEMBER_NAME attributeAnnotations)
                (INIT_EXPR
                  (EXPR
                    (INT_CST 1)))
                (ANNOTATION_LIST
                  (ANNOTATION
                    (ANNOTATION_NAME doc)
                    (ARG_LIST
                      (EXPR
                        (STRING_CST "some text about the attribute"))))
                  (ANNOTATION
                    (ANNOTATION_NAME by)
                    (ARG_LIST
                      (EXPR
                        (STRING_CST "Gavin King"))
                      (EXPR
                        (STRING_CST "Andrew Haley"))))
                  (ANNOTATION
                    (ANNOTATION_NAME see)
                    (ARG_LIST
                      (EXPR
                        (REFLECTED_LITERAL
                          (TYPE
                            (TYPE_NAME ClassAnnotations))))
                      (EXPR
                        (REFLECTED_LITERAL
                          (MEMBER_NAME methodAnnotations)))
                      (EXPR
                        (REFLECTED_LITERAL
                          (TYPE
                            (TYPE_NAME Object))
                          (MEMBER_NAME equals)))))
                  (ANNOTATION
                    (ANNOTATION_NAME version)
                    (ARG_LIST
                      (EXPR
                        (QUOTE_CST '1.2.0'))))))
              (TYPE_DECL
                (CLASS_DECL
                  (TYPE_NAME ClassAnnotations) STMT_LIST)
                (ANNOTATION_LIST
                  (ANNOTATION
                    (ANNOTATION_NAME version)
                    (ARG_LIST
                      (EXPR
                        (QUOTE_CST '1.0.0'))))
                  (ANNOTATION
                    (ANNOTATION_NAME by)
                    (ARG_LIST
                      (EXPR
                        (STRING_CST "Gavin King"))
                      (EXPR
                        (STRING_CST "Andrew Haley"))))
                  (ANNOTATION
                    (ANNOTATION_NAME see)
                    (ARG_LIST
                      (EXPR
                        (REFLECTED_LITERAL
                          (TYPE
                            (TYPE_NAME ClassAnnotations))))
                      (EXPR
                        (REFLECTED_LITERAL
                          (MEMBER_NAME methodAnnotations)))
                      (EXPR
                        (REFLECTED_LITERAL
                          (TYPE
                            (TYPE_NAME Object))
                          (MEMBER_NAME equals)))))
                  (ANNOTATION
                    (ANNOTATION_NAME doc)
                    (ARG_LIST
                      (EXPR
                        (STRING_CST "some text about the class"))))
                  (ANNOTATION
                    (ANNOTATION_NAME scope)
                    (ARG_LIST
                      (EXPR
                        (MEMBER_NAME session))))
                  (ANNOTATION
                    (ANNOTATION_NAME throws)
                    (ARG_LIST
                      (EXPR
                        (REFLECTED_LITERAL
                          (TYPE
                            (TYPE_NAME DatabaseException))))
                      (EXPR
                        (STRING_CST "if database access fails"))))))
              (TYPE_DECL
                (INTERFACE_DECL
                  (TYPE_NAME InterfaceAnnotations))
                (ANNOTATION_LIST
                  (ANNOTATION
                    (ANNOTATION_NAME see)
                    (ARG_LIST
                      (EXPR
                        (REFLECTED_LITERAL
                          (TYPE
                            (TYPE_NAME ClassAnnotations))))
                      (EXPR
                        (REFLECTED_LITERAL
                          (MEMBER_NAME methodAnnotations)))
                      (EXPR
                        (REFLECTED_LITERAL
                          (TYPE
                            (TYPE_NAME Object))
                          (MEMBER_NAME equals)))))
                  (ANNOTATION
                    (ANNOTATION_NAME version)
                    (ARG_LIST
                      (EXPR
                        (QUOTE_CST '1.0.0 beta'))))
                  (ANNOTATION
                    (ANNOTATION_NAME doc)
                    (ARG_LIST
                      (EXPR
                        (STRING_CST "some text about the interface"))))
                  (ANNOTATION
                    (ANNOTATION_NAME by)
                    (ARG_LIST
                      (EXPR
                        (STRING_CST "Gavin King"))
                      (EXPR
                        (STRING_CST "Andrew Haley")))))))))
        (TYPE_DECL
          (CLASS_DECL
            (TYPE_NAME ComplexArguments)
            (STMT_LIST
              (TYPE_DECL
                (CLASS_DECL
                  (TYPE_NAME ClassAnnotations) STMT_LIST)
                (ANNOTATION_LIST
                  (ANNOTATION
                    (ANNOTATION_NAME queries)
                    (ARG_LIST
                      (EXPR
                        (EXPR
                          (TYPE_NAME Query)
                          (CALL_EXPR
                            (ARG_LIST
                              (EXPR
                                (QUOTE_CST 'select p.name from Person p'))))))
                      (EXPR
                        (EXPR
                          (TYPE_NAME Query)
                          (CALL_EXPR
                            (ARG_LIST
                              (EXPR
                                (QUOTE_CST 'select p.name from Person p where p.age>18'))))))))
                  (ANNOTATION
                    (ANNOTATION_NAME see)))))))))))
