# Attributes.ceylon

(TYPE_DECL
  (TYPE_DECL
    (CLASS_DECL
      (TYPE_NAME Attributes)
      (STMT_LIST
        (MEMBER_DECL
          (MEMBER_TYPE
            (TYPE
              (TYPE_NAME String)))
          (MEMBER_NAME abstractAttribute))
        (MEMBER_DECL
          (MEMBER_TYPE
            (TYPE
              (TYPE_NAME String)))
          (MEMBER_NAME immutableAttribute)
          (INIT_EXPR
            (EXPR
              (STRING_CST "Hello World"))))
        (MEMBER_DECL
          (MEMBER_TYPE
            (TYPE
              (TYPE_NAME String)))
          (MEMBER_NAME mutableAttribute)
          (INIT_EXPR
            (EXPR
              (STRING_CST "Hello World")))
          (ANNOTATION_LIST
            (ANNOTATION mutable)))
        (MEMBER_DECL
          (MEMBER_TYPE
            (TYPE
              (TYPE_NAME String)))
          (MEMBER_NAME nullAttribute)
          (INIT_EXPR
            (EXPR null))
          (ANNOTATION_LIST
            (ANNOTATION optional)))
        (MEMBER_DECL
          (MEMBER_TYPE
            (TYPE
              (TYPE_NAME String)))
          (MEMBER_NAME nullMutableAttribute)
          (INIT_EXPR
            (EXPR null))
          (ANNOTATION_LIST
            (ANNOTATION optional)
            (ANNOTATION mutable)))
        (MEMBER_DECL
          (MEMBER_TYPE
            (TYPE
              (TYPE_NAME String)))
          (MEMBER_NAME attribute)
          (STMT_LIST
            (RET_STMT
              (EXPR
                (EXPR
                  (MEMBER_NAME mutableAttribute) DOT
                  (MEMBER_NAME uppercase))))))
        (MEMBER_DECL
          (ATTRIBUTE_SETTER
            (MEMBER_NAME attribute))
          (STMT_LIST
            (EXPR
              (:=
                (MEMBER_NAME mutableAttribute)
                (EXPR
                  (EXPR
                    (MEMBER_NAME attribute) DOT
                    (MEMBER_NAME lowercase)))))))
        (MEMBER_DECL
          (MEMBER_TYPE
            (TYPE
              (TYPE_NAME String)))
          (MEMBER_NAME attributeWithLocal)
          (STMT_LIST
            (MEMBER_DECL
              (MEMBER_TYPE
                (TYPE
                  (TYPE_NAME String)))
              (MEMBER_NAME value)
              (INIT_EXPR
                (EXPR
                  (EXPR
                    (MEMBER_NAME mutableAttribute) DOT
                    (MEMBER_NAME uppercase)))))
            (RET_STMT
              (EXPR
                (MEMBER_NAME value)))))
        (MEMBER_DECL
          (ATTRIBUTE_SETTER
            (MEMBER_NAME attributeWithLocal))
          (STMT_LIST
            (MEMBER_DECL
              (MEMBER_TYPE
                (TYPE
                  (TYPE_NAME String)))
              (MEMBER_NAME value)
              (INIT_EXPR
                (EXPR
                  (MEMBER_NAME attributeWithLocal))))
            (EXPR
              (:=
                (MEMBER_NAME mutableAttribute)
                (EXPR
                  (EXPR
                    (MEMBER_NAME value) DOT
                    (MEMBER_NAME lowercase)))))))
        (MEMBER_DECL
          (MEMBER_TYPE
            (TYPE
              (TYPE_NAME String)))
          (MEMBER_NAME attributeWithNestedMethod)
          (STMT_LIST
            (MEMBER_DECL
              (MEMBER_TYPE
                (TYPE
                  (TYPE_NAME String)))
              (MEMBER_NAME nestedMethod)
              (FORMAL_PARAMETER_LIST
                (FORMAL_PARAMETER
                  (TYPE
                    (TYPE_NAME String))
                  (ARG_NAME param)))
              (STMT_LIST
                (RET_STMT
                  (EXPR
                    (EXPR
                      (MEMBER_NAME param) DOT
                      (MEMBER_NAME uppercase))))))
            (RET_STMT
              (EXPR
                (EXPR
                  (MEMBER_NAME nestedMethod)
                  (CALL_EXPR
                    (ARG_LIST
                      (EXPR
                        (MEMBER_NAME mutableAttribute)))))))))
        (MEMBER_DECL
          (ATTRIBUTE_SETTER
            (MEMBER_NAME attributeWithNestedMethod))
          (STMT_LIST
            (MEMBER_DECL
              (MEMBER_TYPE
                (TYPE
                  (TYPE_NAME String)))
              (MEMBER_NAME nestedMethod)
              (FORMAL_PARAMETER_LIST
                (FORMAL_PARAMETER
                  (TYPE
                    (TYPE_NAME String))
                  (ARG_NAME param)))
              (STMT_LIST
                (RET_STMT
                  (EXPR
                    (EXPR
                      (MEMBER_NAME param) DOT
                      (MEMBER_NAME lowercase))))))
            (EXPR
              (:=
                (MEMBER_NAME mutableAttribute)
                (EXPR
                  (EXPR
                    (MEMBER_NAME nestedMethod)
                    (CALL_EXPR
                      (ARG_LIST
                        (EXPR
                          (MEMBER_NAME attributeWithNestedMethod))))))))))
        (MEMBER_DECL
          (MEMBER_TYPE
            (TYPE
              (TYPE_NAME String)))
          (MEMBER_NAME attributeWithNestedClass)
          (STMT_LIST
            (TYPE_DECL
              (CLASS_DECL
                (TYPE_NAME NestedClass)
                (FORMAL_PARAMETER_LIST
                  (FORMAL_PARAMETER
                    (TYPE
                      (TYPE_NAME String))
                    (ARG_NAME param)))
                (STMT_LIST
                  (MEMBER_DECL
                    (MEMBER_TYPE
                      (TYPE
                        (TYPE_NAME String)))
                    (MEMBER_NAME value)
                    (INIT_EXPR
                      (EXPR
                        (EXPR
                          (MEMBER_NAME param) DOT
                          (MEMBER_NAME uppercase))))))))
            (RET_STMT
              (EXPR
                (EXPR
                  (TYPE_NAME NestedClass)
                  (CALL_EXPR
                    (ARG_LIST
                      (EXPR
                        (MEMBER_NAME mutableAttribute)))) DOT
                  (MEMBER_NAME value))))))
        (MEMBER_DECL
          (ATTRIBUTE_SETTER
            (MEMBER_NAME attributeWithNestedClass))
          (STMT_LIST
            (TYPE_DECL
              (CLASS_DECL
                (TYPE_NAME NestedClass)
                (FORMAL_PARAMETER_LIST
                  (FORMAL_PARAMETER
                    (TYPE
                      (TYPE_NAME String))
                    (ARG_NAME param)))
                (STMT_LIST
                  (MEMBER_DECL
                    (MEMBER_TYPE
                      (TYPE
                        (TYPE_NAME String)))
                    (MEMBER_NAME value)
                    (INIT_EXPR
                      (EXPR
                        (EXPR
                          (MEMBER_NAME param) DOT
                          (MEMBER_NAME lowercase))))))))
            (EXPR
              (:=
                (MEMBER_NAME mutableAttribute)
                (EXPR
                  (EXPR
                    (TYPE_NAME NestedClass)
                    (CALL_EXPR
                      (ARG_LIST
                        (EXPR
                          (MEMBER_NAME attributeWithNestedClass)))) DOT
                    (MEMBER_NAME value)))))))
        (MEMBER_DECL
          (MEMBER_TYPE
            (TYPE
              (TYPE_NAME String)))
          (MEMBER_NAME annotatedAttribute)
          (INIT_EXPR
            (EXPR
              (MEMBER_NAME immutableAttribute)))
          (ANNOTATION_LIST
            (ANNOTATION
              (ANNOTATION_NAME doc)
              (STRING_CST "This attribute has annotations. Remember that literal
	     strings can be spread across multiple lines."))
            (ANNOTATION
              (ANNOTATION_NAME by)
              (STRING_CST "Andrew Haley"))
            (ANNOTATION
              (ANNOTATION_NAME see))
            (ANNOTATION
              (ANNOTATION_NAME column)
              (ARG_LIST
                (NAMED_ARG
                  (ARG_NAME name)
                  (INIT_EXPR
                    (EXPR
                      (STRING_CST "columnName"))))
                (NAMED_ARG
                  (ARG_NAME comment)
                  (INIT_EXPR
                    (EXPR
                      (STRING_CST "some comment"))))))
            (ANNOTATION PUBLIC)))))
    (ANNOTATION_LIST
      (ANNOTATION abstract))))
