# Imports.ceylon

(IMPORT_LIST
  (IMPORT_DECL
    (IMPORT_PATH math Math) IMPORT_WILDCARD)
  (IMPORT_DECL
    (IMPORT_PATH persistence query) IMPORT_WILDCARD)
  (IMPORT_DECL
    (IMPORT_PATH persistence query QueryBuilder createQuery))
  (IMPORT_DECL
    (IMPORT_PATH persistence Session)
    (ALIAS_DECL
      (TYPE_NAME PersistenceSession)))
  (IMPORT_DECL
    (IMPORT_PATH persistence mapping Table))
  (IMPORT_DECL
    (IMPORT_PATH persistence mapping Column)))
(TYPE_DECL
  (TYPE_DECL
    (CLASS_DECL
      (TYPE_NAME Imports) FORMAL_PARAMETER_LIST BLOCK)))
