# Primaries.ceylon

(TYPE_DECL
  (TYPE_DECL
    (CLASS_DECL
      (TYPE_NAME Primaries)
      (STMT_LIST
        (TYPE_DECL
          (CLASS_DECL
            (TYPE_NAME Literals)
            (STMT_LIST
              (MEMBER_DECL
                (MEMBER_TYPE
                  (TYPE
                    (TYPE_NAME String)))
                (MEMBER_NAME hello)
                (INIT_EXPR
                  (EXPR
                    (STRING_CST "Hello"))))
              (MEMBER_DECL
                (MEMBER_TYPE
                  (TYPE
                    (TYPE_NAME String)))
                (MEMBER_NAME names)
                (INIT_EXPR
                  (EXPR
                    (STRING_CST "Gavin\nAndrew\nEmmanuel\n"))))
              (MEMBER_DECL
                (MEMBER_TYPE
                  (TYPE
                    (TYPE_NAME Natural)))
                (MEMBER_NAME one)
                (INIT_EXPR
                  (EXPR
                    (INT_CST 1))))
              (MEMBER_DECL
                (MEMBER_TYPE
                  (TYPE
                    (TYPE_NAME Float)))
                (MEMBER_NAME zero)
                (INIT_EXPR
                  (EXPR
                    (FLOAT_CST 0.0))))
              (MEMBER_DECL
                (MEMBER_TYPE
                  (TYPE
                    (TYPE_NAME Float)))
                (MEMBER_NAME big)
                (INIT_EXPR
                  (EXPR
                    (FLOAT_CST 1.0e10))))
              (MEMBER_DECL
                (MEMBER_TYPE
                  (TYPE
                    (TYPE_NAME Float)))
                (MEMBER_NAME small)
                (INIT_EXPR
                  (EXPR
                    (FLOAT_CST 1.0e-10))))
              (MEMBER_DECL
                (MEMBER_TYPE
                  (TYPE
                    (TYPE_NAME Character)))
                (MEMBER_NAME x)
                (INIT_EXPR
                  (EXPR
                    (CHAR_CST @x))))
              (MEMBER_DECL
                (MEMBER_TYPE
                  (TYPE
                    (TYPE_NAME Character)))
                (MEMBER_NAME newline)
                (INIT_EXPR
                  (EXPR
                    (CHAR_CST @\n))))
              (MEMBER_DECL
                (MEMBER_TYPE
                  (TYPE
                    (TYPE_NAME Quoted)))
                (MEMBER_NAME quoted)
                (INIT_EXPR
                  (EXPR
                    (QUOTE_CST 'quoted literal'))))
              (MEMBER_DECL
                (MEMBER_TYPE
                  (TYPE
                    (TYPE_NAME Type)
                    (TYPE_ARG_LIST
                      (TYPE
                        (TYPE_NAME Literals)))))
                (MEMBER_NAME primariesClass)
                (INIT_EXPR
                  (EXPR
                    (REFLECTED_LITERAL
                      (TYPE
                        (TYPE_NAME Primaries))))))
              (MEMBER_DECL
                (MEMBER_TYPE
                  (TYPE
                    (TYPE_NAME Type)
                    (TYPE_ARG_LIST
                      (TYPE
                        (TYPE_NAME Literals)))))
                (MEMBER_NAME literalsClass)
                (INIT_EXPR
                  (EXPR
                    (REFLECTED_LITERAL
                      (TYPE
                        (TYPE_NAME Primaries Literals))))))
              (MEMBER_DECL
                (MEMBER_TYPE
                  (TYPE
                    (TYPE_NAME Attribute)
                    (TYPE_ARG_LIST
                      (TYPE
                        (TYPE_NAME Literals))
                      (TYPE
                        (TYPE_NAME String)))))
                (MEMBER_NAME helloAttribute)
                (INIT_EXPR
                  (EXPR
                    (REFLECTED_LITERAL
                      (MEMBER_NAME hello)))))
              (MEMBER_DECL
                (MEMBER_TYPE
                  (TYPE
                    (TYPE_NAME Attribute)
                    (TYPE_ARG_LIST
                      (TYPE
                        (TYPE_NAME Literals))
                      (TYPE
                        (TYPE_NAME String)))))
                (MEMBER_NAME oneAttribute)
                (INIT_EXPR
                  (EXPR
                    (REFLECTED_LITERAL
                      (TYPE
                        (TYPE_NAME Primaries Literals))
                      (MEMBER_NAME one)))))
              (MEMBER_DECL
                (MEMBER_TYPE
                  (TYPE
                    (TYPE_NAME Method)
                    (TYPE_ARG_LIST
                      (TYPE
                        (TYPE_NAME Object))
                      (TYPE
                        (TYPE_NAME Boolean)))))
                (MEMBER_NAME method)
                (INIT_EXPR
                  (EXPR
                    (REFLECTED_LITERAL
                      (TYPE
                        (TYPE_NAME Object))
                      (MEMBER_NAME equals))))))))
        (TYPE_DECL
          (CLASS_DECL
            (TYPE_NAME Specials)
            (STMT_LIST
              (MEMBER_DECL
                (MEMBER_TYPE
                  (TYPE
                    (TYPE_NAME String)))
                (MEMBER_NAME nothing)
                (INIT_EXPR
                  (EXPR null))
                (ANNOTATION_LIST
                  (LANG_ANNOTATION optional)))
              (MEMBER_DECL
                (MEMBER_TYPE
                  (TYPE
                    (TYPE_NAME List)
                    (TYPE_ARG_LIST
                      (TYPE
                        (TYPE_NAME String)))))
                (MEMBER_NAME empty)
                (INIT_EXPR
                  (EXPR none)))
              (MEMBER_DECL
                (MEMBER_TYPE
                  (TYPE
                    (TYPE_NAME Specials)))
                (MEMBER_NAME s)
                (INIT_EXPR
                  (EXPR this)))
              (TYPE_DECL
                (CLASS_DECL
                  (TYPE_NAME Subclass)
                  (SUPERCLASS
                    (TYPE
                      (TYPE_NAME Specials)) ARG_LIST)
                  (STMT_LIST
                    (MEMBER_DECL
                      (MEMBER_TYPE
                        (TYPE
                          (TYPE_NAME Specials)))
                      (MEMBER_NAME s)
                      (INIT_EXPR
                        (EXPR super)))))))))
        (TYPE_DECL
          (CLASS_DECL
            (TYPE_NAME Enumerations)
            (STMT_LIST
              (MEMBER_DECL
                (MEMBER_TYPE
                  (TYPE
                    (TYPE_NAME List)
                    (TYPE_ARG_LIST
                      (TYPE
                        (TYPE_NAME String)))))
                (MEMBER_NAME empty)
                (INIT_EXPR
                  (EXPR ENUM_LIST)))
              (MEMBER_DECL
                (MEMBER_TYPE
                  (TYPE
                    (TYPE_NAME List)
                    (TYPE_ARG_LIST
                      (TYPE
                        (TYPE_NAME String)))))
                (MEMBER_NAME singleton)
                (INIT_EXPR
                  (EXPR
                    (ENUM_LIST
                      (EXPR_LIST
                        (EXPR
                          (STRING_CST "hello")))))))
              (MEMBER_DECL
                (MEMBER_TYPE
                  (TYPE
                    (TYPE_NAME List)
                    (TYPE_ARG_LIST
                      (TYPE
                        (TYPE_NAME String)))))
                (MEMBER_NAME enumeration)
                (INIT_EXPR
                  (EXPR
                    (ENUM_LIST
                      (EXPR_LIST
                        (EXPR
                          (STRING_CST "foo"))
                        (EXPR
                          (STRING_CST "bar"))
                        (EXPR
                          (STRING_CST "baz"))))))))))
        (TYPE_DECL
          (CLASS_DECL
            (TYPE_NAME MethodReferences)
            (STMT_LIST
              (TYPE_DECL
                (CLASS_DECL
                  (TYPE_NAME Person)
                  (FORMAL_PARAMETER_LIST
                    (FORMAL_PARAMETER
                      (TYPE
                        (TYPE_NAME String))
                      (ARG_NAME name)))
                  (STMT_LIST
                    (MEMBER_DECL
                      (MEMBER_TYPE
                        (TYPE
                          (TYPE_NAME String)))
                      (MEMBER_NAME name)
                      (INIT_EXPR
                        (EXPR
                          (MEMBER_NAME name)))
                      (ANNOTATION_LIST
                        (LANG_ANNOTATION mutable)))
                    (MEMBER_DECL
                      (MEMBER_TYPE void)
                      (MEMBER_NAME hello)
                      (STMT_LIST
                        (EXPR
                          (EXPR
                            (MEMBER_NAME log) DOT
                            (MEMBER_NAME info)
                            (CALL_EXPR
                              (ARG_LIST
                                (EXPR
                                  (+
                                    (STRING_CST "Hello ")
                                    (MEMBER_NAME name))))))))))))
              (MEMBER_DECL
                (MEMBER_TYPE void)
                (MEMBER_NAME helloWorld)
                (STMT_LIST
                  (EXPR
                    (EXPR
                      (MEMBER_NAME log) DOT
                      (MEMBER_NAME info)
                      (CALL_EXPR
                        (ARG_LIST
                          (EXPR
                            (STRING_CST "Hello World"))))))))
              (MEMBER_DECL
                (MEMBER_TYPE
                  (TYPE
                    (TYPE_NAME Person)))
                (MEMBER_NAME person)
                (INIT_EXPR
                  (EXPR
                    (EXPR
                      (TYPE_NAME Person)
                      (CALL_EXPR
                        (ARG_LIST
                          (EXPR
                            (STRING_CST "Gavin King"))))))))
              (MEMBER_DECL
                (MEMBER_TYPE void)
                (MEMBER_NAME hello)
                (INIT_EXPR
                  (EXPR
                    (EXPR
                      (MEMBER_NAME person) DOT
                      (MEMBER_NAME hello)))))
              (MEMBER_DECL
                (MEMBER_TYPE void)
                (MEMBER_NAME helloWorld)
                (INIT_EXPR
                  (EXPR
                    (MEMBER_NAME helloWorld))))
              (MEMBER_DECL
                (MEMBER_TYPE
                  (TYPE
                    (TYPE_NAME String)))
                (MEMBER_NAME getName)
                (INIT_EXPR
                  (EXPR
                    (GET_EXPR
                      (EXPR
                        (MEMBER_NAME person) DOT
                        (MEMBER_NAME name))))))
              (MEMBER_DECL
                (MEMBER_TYPE void)
                (MEMBER_NAME setName)
                (FORMAL_PARAMETER_LIST
                  (FORMAL_PARAMETER
                    (TYPE
                      (TYPE_NAME String))
                    (ARG_NAME name)))
                (INIT_EXPR
                  (EXPR
                    (SET_EXPR
                      (EXPR
                        (MEMBER_NAME person) DOT
                        (MEMBER_NAME name))))))
              (MEMBER_DECL
                (MEMBER_TYPE
                  (TYPE
                    (TYPE_NAME Person)))
                (MEMBER_NAME newPerson)
                (FORMAL_PARAMETER_LIST
                  (FORMAL_PARAMETER
                    (TYPE
                      (TYPE_NAME String))
                    (ARG_NAME name)))
                (INIT_EXPR
                  (EXPR
                    (TYPE_NAME Person)))))))))))
